
  Grid mesh:................   64x   64x    1
  Number of processors:.....    2,    2,    1
  Preconditioning method:... Identity
  Time correction...........   F
  External source...........   F
  Numerical grid............   T
  Scalar advection scheme...  SMART   
  Velocity advection scheme.  SMART   
  TS scheme................. BDF2     

    itime      time     dt     #CFL   vx_max   vy_max   vz_max    GMRES Newton CN factor  GMRES-DC
         1      0.00  1.0E-03 3.7E+02  5.6E-05  1.5E-05  2.2E-08    19     6     0.000        0
         2      0.01  9.0E-03 3.3E+03  5.6E-04  1.5E-04  1.2E-06    39     7     0.000        0
         3      0.02  1.0E-02 3.7E+03  1.1E-03  3.0E-04  4.6E-06    48     7     0.000        0
         4      0.03  1.0E-02 3.7E+03  1.7E-03  4.5E-04  1.0E-05    39     6     0.000        0
         5      0.04  1.0E-02 3.7E+03  2.2E-03  6.0E-04  1.8E-05    35     6     0.000        0
         6      0.05  1.0E-02 3.7E+03  2.8E-03  7.5E-04  2.8E-05    32     6     0.000        0
         7      0.06  1.0E-02 3.7E+03  3.3E-03  9.0E-04  4.1E-05    28     6     0.000        0
         8      0.07  1.0E-02 3.7E+03  3.9E-03  1.1E-03  5.5E-05    26     6     0.000        0
         9      0.08  1.0E-02 3.7E+03  4.4E-03  1.2E-03  7.2E-05    21     5     0.000        0
        10      0.09  1.0E-02 3.7E+03  4.9E-03  1.4E-03  9.1E-05    20     5     0.000        0
        11      0.10  1.0E-02 3.7E+03  5.5E-03  1.5E-03  1.1E-04    23     5     0.000        0

Final statistics

 itime  Newt/ndt  GMRES/ndt  GMRES/Newt
   11       5.9       30.0        5.1
