

  Grid mesh:................   32x   32x    1
  Number of grid levels:....    4,    4,    1
  Preconditioning method:... Identity
  Timestep adaption......... F
  External source........... F
  Numerical grid............ F
  Scalar advection scheme... ZIP      
  Velocity advection scheme. ZIP      
  Anisotropic transport sch. 4th-7pt  
  TS scheme................. Theta    

    itime      time     dt     #CFL   vx_max   vy_max   vz_max    GMRES Newton CN factor
         1      0.01  1.0E-02 1.6E+00  1.9E-04  1.9E-04  0.0E+00     7     6     0.500
         2      0.02  1.0E-02 1.6E+00  3.7E-04  3.7E-04  0.0E+00     7     7     0.500
         3      0.03  1.0E-02 1.6E+00  5.5E-04  5.5E-04  0.0E+00     7     7     0.500
         4      0.04  1.0E-02 1.6E+00  7.2E-04  7.2E-04  0.0E+00     7     7     0.500
         5      0.05  1.0E-02 1.6E+00  8.7E-04  8.7E-04  0.0E+00     7     7     0.500
         6      0.06  1.0E-02 1.6E+00  1.0E-03  1.0E-03  0.0E+00     7     6     0.500
         7      0.07  1.0E-02 1.6E+00  1.1E-03  1.1E-03  0.0E+00     7     6     0.500
         8      0.08  1.0E-02 1.6E+00  1.3E-03  1.3E-03  0.0E+00     7     6     0.500
         9      0.09  1.0E-02 1.6E+00  1.3E-03  1.3E-03  0.0E+00     7     6     0.500
        10      0.10  1.0E-02 1.6E+00  1.4E-03  1.4E-03  0.0E+00     7     6     0.500

Final statistics

 itime  Newt/ndt  GMRES/ndt  GMRES/Newt
   10       6.4        7.0        1.1
