
  Grid mesh:................   32x   32x    1
  Number of processors:.....    2,    1,    1
  Preconditioning method:... Identity
  Timestep adaption......... F
  External source........... T
  Numerical grid............ F
  Scalar advection scheme... ZIP      
  Velocity advection scheme. ZIP      
  Anisotropic transport sch. 4th-7pt  
  TS scheme................. Theta    

    itime      time     dt     #CFL   vx_max   vy_max   vz_max    GMRES Newton CN factor
         1      0.01  1.0E-02 1.5E+00  1.8E-06  9.9E-04  4.0E-08     4     4     0.500
         2      0.02  1.0E-02 1.5E+00  7.2E-06  9.9E-04  1.6E-07     4     4     0.500
         3      0.03  1.0E-02 1.5E+00  1.6E-05  9.9E-04  3.5E-07     4     4     0.500
         4      0.04  1.0E-02 1.5E+00  2.8E-05  9.8E-04  6.2E-07     4     4     0.500
         5      0.05  1.0E-02 1.5E+00  4.3E-05  9.8E-04  9.6E-07     4     4     0.500
         6      0.06  1.0E-02 1.5E+00  6.2E-05  9.7E-04  1.4E-06     4     4     0.500
         7      0.07  1.0E-02 1.5E+00  8.2E-05  9.7E-04  1.8E-06     4     4     0.500
         8      0.08  1.0E-02 1.5E+00  1.0E-04  9.6E-04  2.3E-06     4     4     0.500
         9      0.09  1.0E-02 1.5E+00  1.3E-04  9.6E-04  2.9E-06     4     4     0.500
        10      0.10  1.0E-02 1.5E+00  1.6E-04  9.5E-04  3.5E-06     4     4     0.500

Final statistics

 itime  Newt/ndt  GMRES/ndt  GMRES/Newt
   10       4.0        4.0        1.0
