
 Reading EXTERNAL eigenmodes from pixie3d-eigen.eig...
 Divergence cleaning converged in 16 its

  Grid mesh:................   64x   32x    1
  Number of grid levels:....    5,    4,    1
  Preconditioning method:... Identity
  Timestep adaption.........   F
  External source...........   T
  Numerical grid............   F
  Scalar advection scheme...    ZIP   
  Velocity advection scheme.    ZIP   
  Anisotropic transport sch.  4th-7pt 
  TS scheme.................  Theta   

    itime      time     dt     #CFL   vx_max   vy_max   vz_max    GMRES Newton CN factor  GMRES-DC
         1      0.00  1.0E-03 5.4E+00  3.4E-05  3.2E-04  1.9E-05     6     5     0.500        0
         2      0.00  1.0E-03 5.4E+00  3.4E-05  3.1E-04  1.9E-05     6     5     0.500        0
         3      0.00  1.0E-03 5.4E+00  3.4E-05  3.1E-04  1.9E-05     6     5     0.500        0
         4      0.00  1.0E-03 5.4E+00  3.4E-05  3.1E-04  1.9E-05     8     6     0.500        0
         5      0.01  1.0E-03 5.4E+00  3.4E-05  3.1E-04  1.9E-05     7     5     0.500        0
         6      0.01  1.0E-03 5.4E+00  3.4E-05  3.1E-04  1.9E-05     7     5     0.500        0
         7      0.01  1.0E-03 5.4E+00  3.4E-05  3.3E-04  1.9E-05     8     6     0.500        0
         8      0.01  1.0E-03 5.4E+00  3.4E-05  3.4E-04  1.9E-05     7     6     0.500        0
         9      0.01  1.0E-03 5.4E+00  3.4E-05  3.4E-04  1.9E-05     9     6     0.500        0
        10      0.01  1.0E-03 5.4E+00  3.4E-05  3.3E-04  1.9E-05     9     6     0.500        0

Final statistics

 itime  Newt/ndt  GMRES/ndt  GMRES/Newt
   10       5.5        7.3        1.3
