

  Grid mesh:................   64x   64x    1
  Number of grid levels:....    5,    5,    1
  Preconditioning method:... SI PC w/o flow
  Timestep adaption......... F
  External source........... F
  Numerical grid............ T
  Scalar advection scheme... ZIP      
  Velocity advection scheme. ZIP      
  Anisotropic transport sch. 4th-7pt  
  TS scheme................. BDF2     

    itime      time     dt     #CFL   vx_max   vy_max   vz_max    GMRES Newton CN factor  GMRES-DC
         1      0.00  1.0E-03 3.7E+02  5.6E-05  1.5E-05  3.0E-07     1     4     0.000        5
         2      0.01  9.0E-03 3.3E+03  5.6E-04  1.5E-04  3.6E-06     4     4     0.000        6
         3      0.02  1.0E-02 3.7E+03  1.1E-03  3.0E-04  8.8E-06     3     4     0.000        7
         4      0.03  1.0E-02 3.7E+03  1.7E-03  4.5E-04  1.5E-05     3     4     0.000        7
         5      0.04  1.0E-02 3.7E+03  2.2E-03  6.0E-04  2.3E-05     3     4     0.000        7
         6      0.05  1.0E-02 3.7E+03  2.8E-03  7.5E-04  3.3E-05     3     4     0.000        7
         7      0.06  1.0E-02 3.7E+03  3.3E-03  9.0E-04  4.4E-05     3     4     0.000        7
         8      0.07  1.0E-02 3.7E+03  3.9E-03  1.1E-03  5.8E-05     3     4     0.000        7
         9      0.08  1.0E-02 3.7E+03  4.4E-03  1.2E-03  7.5E-05     3     4     0.000        7
        10      0.09  1.0E-02 3.7E+03  4.9E-03  1.4E-03  9.5E-05     3     4     0.000        7
        11      0.10  1.0E-02 3.7E+03  5.5E-03  1.5E-03  1.2E-04     3     4     0.000        7

Final statistics

 itime  Newt/ndt  GMRES/ndt  GMRES/Newt
   11       4.0        2.9        0.7
