 A-solve GMRES its= 16

  Grid mesh:................   32x   32x    1
  Number of grid levels:....    4,    4,    1
  Preconditioning method:... SI PC w/o flow
  Time correction...........   F
  External source...........   T
  Numerical grid............   F
  Scalar advection scheme...  SMART   
  Velocity advection scheme.  SMART   
  TS scheme................. BDF2     

    itime      time     dt     #CFL   vx_max   vy_max   vz_max    GMRES Newton CN factor
         1      0.10  1.0E-01 6.6E+01  8.9E-05  5.1E-05  2.9E-06    12     5     0.000
         2      1.00  9.0E-01 5.9E+02  3.9E-05  1.9E-04  4.5E-05    29     6     0.000
         3      2.00  1.0E+00 6.6E+02  1.4E-05  1.9E-04  6.8E-05    37     6     0.000
         4      3.00  1.0E+00 6.6E+02  2.4E-05  1.5E-04  5.7E-05    18     6     0.000
         5      4.00  1.0E+00 6.6E+02  3.8E-05  1.1E-04  3.2E-05    26     6     0.000
         6      5.00  1.0E+00 6.6E+02  4.3E-05  1.1E-04  2.7E-05    29     6     0.000
         7      6.00  1.0E+00 6.6E+02  3.5E-05  1.1E-04  3.9E-05    36     6     0.000
         8      7.00  1.0E+00 6.6E+02  2.8E-05  1.4E-04  5.2E-05    31     6     0.000
         9      8.00  1.0E+00 6.6E+02  3.1E-05  1.3E-04  5.1E-05    29     6     0.000
        10      9.00  1.0E+00 6.6E+02  3.7E-05  1.2E-04  4.6E-05    30     6     0.000
        11     10.00  1.0E+00 6.6E+02  4.1E-05  1.2E-04  4.6E-05    32     6     0.000

Final statistics

 itime  Newt/ndt  GMRES/ndt  GMRES/Newt
   11       5.9       28.1        4.8
