 Calculating equilibrium ppnch...

 ************************************
 1D Ohmic equilibrium solver
 ************************************

 1D equilibrium converged in  10 iterations with error =  1.84E-06

 Force-balance error = 4.3041172E-05
 Ohms law      error = 8.2479882E-05

 Pinch equilibrium features:
   Theta  = 1.6482468
   Bz(r=0)= 1.0000000
   I0     = 2.0544812
   E0/eta = 4.0000000
   T_flux = 0.6232323

  Grid mesh:................  128x   32x    1
  Number of grid levels:....    5,    4,    1
  Preconditioning method:...  id
  Time correction...........   F
  External source...........   T
  Numerical grid............   F
  Scalar advection scheme...    ZIP   
  Velocity advection scheme.    ZIP   
  TS scheme................. Theta    

   itime    time     dt     vx_max   vy_max   vz_max  GMRES  Newton  CN factor
      1    0.005  5.0E-03   1.2E-02  2.3E-07  5.8E-09     4     4     0.500
      2    0.010  5.0E-03   1.2E-02  7.9E-07  2.3E-08     3     3     0.500
      3    0.015  5.0E-03   1.2E-02  1.5E-06  5.2E-08     6     4     0.500
      4    0.020  5.0E-03   1.2E-02  2.5E-06  9.2E-08    12     6     0.500
      5    0.025  5.0E-03   1.2E-02  3.6E-06  1.4E-07    12     6     0.500
      6    0.030  5.0E-03   1.2E-02  4.9E-06  2.1E-07    15     6     0.500
      7    0.035  5.0E-03   1.2E-02  6.5E-06  2.8E-07    14     6     0.500
      8    0.040  5.0E-03   1.2E-02  8.3E-06  3.7E-07    14     5     0.500
      9    0.045  5.0E-03   1.2E-02  1.0E-05  4.6E-07    16     6     0.500
     10    0.050  5.0E-03   1.2E-02  1.3E-05  5.7E-07    14     6     0.500

Final statistics

 itime  Newt/ndt  GMRES/ndt  GMRES/Newt
   10       5.2       11.0        2.1
