

  Grid mesh:................   32x   32x    1
  Number of processors:.....    1,    2,    1
  Preconditioning method:... SI PC w/o flow
  Timestep adaption......... F
  External source........... T
  Numerical grid............ F
  Scalar advection scheme... ZIP      
  Velocity advection scheme. ZIP      
  Anisotropic transport sch. 4th-7pt  
  TS scheme................. Theta    

    itime      time     dt     #CFL   vx_max   vy_max   vz_max    GMRES Newton CN factor
         1      1.00  1.0E+00 1.4E+02  2.2E-04  4.6E-04  1.9E-04    10     5     0.500
         2      2.00  1.0E+00 1.4E+02  5.8E-04  1.9E-04  3.0E-04    12     6     0.500
         3      3.00  1.0E+00 1.4E+02  7.2E-04  3.1E-04  2.9E-04    13     6     0.500
         4      4.00  1.0E+00 1.4E+02  8.3E-04  4.1E-04  2.7E-04    14     6     0.500
         5      5.00  1.0E+00 1.4E+02  9.7E-04  1.9E-04  1.4E-04    13     6     0.500
         6      6.00  1.0E+00 1.4E+02  9.0E-04  2.5E-04  1.4E-04    13     6     0.500
         7      7.00  1.0E+00 1.4E+02  7.8E-04  4.5E-04  1.3E-04    13     6     0.500
         8      8.00  1.0E+00 1.4E+02  6.7E-04  1.2E-04  7.3E-05    13     6     0.500
         9      9.00  1.0E+00 1.4E+02  4.1E-04  2.0E-04  9.6E-05    12     6     0.500
        10     10.00  1.0E+00 1.4E+02  1.3E-04  1.8E-04  8.6E-05    13     6     0.500

Final statistics

 itime  Newt/ndt  GMRES/ndt  GMRES/Newt
   10       5.9       12.6        2.1
