
  Grid mesh:................   64x   64x    1
  Number of grid levels:....    5,    5,    1
  Preconditioning method:... SI PC w/o flow
  Time correction...........   F
  External source...........   F
  Numerical grid............   T
  Scalar advection scheme...    ZIP   
  Velocity advection scheme.    ZIP   
  TS scheme................. BDF2     

   itime    time     dt     #CFL   vx_max   vy_max   vz_max    GMRES Newton CN factor  GMRES-DC
      1    0.001  1.0E-03 3.7E+02  5.6E-05  1.5E-05  3.0E-07     1     4     0.000        6
      2    0.010  9.0E-03 3.3E+03  5.6E-04  1.5E-04  3.7E-06     4     4     0.000        8
      3    0.020  1.0E-02 3.7E+03  1.1E-03  3.0E-04  8.8E-06     3     4     0.000        8
      4    0.030  1.0E-02 3.7E+03  1.7E-03  4.5E-04  1.6E-05     3     4     0.000        8
      5    0.040  1.0E-02 3.7E+03  2.2E-03  6.0E-04  2.4E-05     3     4     0.000        9
      6    0.050  1.0E-02 3.7E+03  2.8E-03  7.5E-04  3.3E-05     3     4     0.000        9
      7    0.060  1.0E-02 3.7E+03  3.3E-03  9.0E-04  4.5E-05     3     4     0.000        9
      8    0.070  1.0E-02 3.7E+03  3.9E-03  1.1E-03  5.7E-05     3     4     0.000        9
      9    0.080  1.0E-02 3.7E+03  4.4E-03  1.2E-03  7.2E-05     3     4     0.000        9
     10    0.090  1.0E-02 3.7E+03  4.9E-03  1.4E-03  8.8E-05     3     4     0.000        9
     11    0.100  1.0E-02 3.7E+03  5.5E-03  1.5E-03  1.1E-04     3     4     0.000        9

Final statistics

 itime  Newt/ndt  GMRES/ndt  GMRES/Newt
   11       4.0        2.9        0.7
