
  Grid mesh:................   64x   64x    1
  Number of grid levels:....    4,    4,    1
  Preconditioning method:... Identity
  Time correction...........   T
  External source...........   F
  Numerical grid............   F
  Scalar advection scheme...    ZIP   
  Velocity advection scheme.    ZIP   
  TS scheme................. Theta    

   itime    time     dt     #CFL   vx_max   vy_max   vz_max    GMRES Newton CN factor  GMRES-DC
      1    0.010  1.0E-02 1.0E+00  1.1E-03  3.7E-04  0.0E+00     3     3     0.500        0
      2    0.020  1.0E-02 1.0E+00  2.2E-03  7.4E-04  0.0E+00     3     3     0.500        0
      3    0.030  1.0E-02 1.0E+00  3.4E-03  1.1E-03  0.0E+00     3     3     0.500        0
      4    0.040  1.0E-02 1.0E+00  4.4E-03  1.5E-03  0.0E+00     3     3     0.500        0
      5    0.050  1.0E-02 1.0E+00  5.5E-03  1.9E-03  0.0E+00     3     3     0.500        0
      6    0.060  1.0E-02 1.0E+00  6.6E-03  2.2E-03  0.0E+00     3     3     0.500        0
      7    0.070  1.0E-02 1.0E+00  7.6E-03  2.6E-03  0.0E+00     3     3     0.500        0
      8    0.080  1.0E-02 1.0E+00  8.6E-03  3.0E-03  0.0E+00     3     3     0.500        0
      9    0.090  1.0E-02 1.0E+00  9.6E-03  3.3E-03  0.0E+00     3     3     0.500        0
     10    0.100  1.0E-02 1.0E+00  1.1E-02  3.7E-03  0.0E+00     3     3     0.500        0

Final statistics

 itime  Newt/ndt  GMRES/ndt  GMRES/Newt
   10       3.0        3.0        1.0
