
  Grid mesh:................   32x   32x    1
  Number of grid levels:....    4,    3,    1
  Preconditioning method:...  id
  Time correction...........   F
  External source...........   T
  Numerical grid............   F
  Advection scheme..........    ZIP   
  TS scheme................. Theta    

   itime    time     dt     vx_max   vy_max   vz_max  GMRES  Newton  CN factor  GMRES-DC
      1    0.010  1.0E-02   1.8E-06  9.9E-04  4.0E-08     4     4     0.500        0
      2    0.020  1.0E-02   7.2E-06  9.9E-04  1.6E-07     4     4     0.500        0
      3    0.030  1.0E-02   1.6E-05  9.9E-04  3.6E-07     4     4     0.500        0
      4    0.040  1.0E-02   2.8E-05  9.8E-04  6.3E-07     4     4     0.500        0
      5    0.050  1.0E-02   4.4E-05  9.8E-04  9.7E-07     4     4     0.500        0
      6    0.060  1.0E-02   6.2E-05  9.7E-04  1.4E-06     4     4     0.500        0
      7    0.070  1.0E-02   8.2E-05  9.7E-04  1.8E-06     4     4     0.500        0
      8    0.080  1.0E-02   1.1E-04  9.6E-04  2.3E-06     4     4     0.500        0
      9    0.090  1.0E-02   1.3E-04  9.6E-04  2.9E-06     4     4     0.500        0
     10    0.100  1.0E-02   1.6E-04  9.5E-04  3.5E-06     4     4     0.500        0

Final statistics

 itime  Newt/ndt  GMRES/ndt  GMRES/Newt
   10       4.0        4.0        1.0
