 Reading VMEC map on grid  1, nx x ny x nz= 32x 32x 32
 Reading VMEC map on grid  2, nx x ny x nz= 16x 16x 16
 Reading VMEC map on grid  3, nx x ny x nz=  8x  8x  8
 Reading VMEC map on grid  4, nx x ny x nz=  4x  4x  4
  >>> Coarsening VMEC mesh hierarchy
    >>> New coarse grid hierarchy

 Reading VMEC solution...

  Grid mesh:................   32x   32x   32
  Number of processors:.....    2,    2,    2
  Preconditioning method:... Identity
  Time correction...........   F
  External source...........   T
  Numerical grid............   T
  Scalar advection scheme...  SMART   
  Velocity advection scheme.  SMART   
  TS scheme................. BDF2     

    itime      time     dt     #CFL   vx_max   vy_max   vz_max    GMRES Newton CN factor  GMRES-DC
         1      0.00  5.0E-05 1.5E+00  1.2E-04  7.2E-08  7.5E-10     3     3     0.000        0
         2      0.00  4.5E-04 1.3E+01  1.2E-04  2.5E-06  2.7E-08    11     5     0.000        0
         3      0.00  5.0E-04 1.5E+01  1.2E-04  8.0E-06  9.9E-08    17     6     0.000        0
         4      0.00  5.0E-04 1.5E+01  1.2E-04  1.5E-05  2.1E-07    19     6     0.000        0
         5      0.00  5.0E-04 1.5E+01  1.1E-04  2.3E-05  3.7E-07    18     6     0.000        0
         6      0.00  5.0E-04 1.5E+01  1.1E-04  3.2E-05  5.6E-07    18     6     0.000        0
         7      0.00  5.0E-04 1.5E+01  1.0E-04  4.3E-05  7.8E-07    19     6     0.000        0
         8      0.00  5.0E-04 1.5E+01  9.7E-05  5.5E-05  1.1E-06    18     6     0.000        0
         9      0.00  5.0E-04 1.5E+01  9.0E-05  7.0E-05  1.5E-06    18     6     0.000        0
        10      0.00  5.0E-04 1.5E+01  8.3E-05  8.6E-05  2.0E-06    18     6     0.000        0
        11      0.01  5.0E-04 1.5E+01  7.5E-05  1.0E-04  2.5E-06    18     6     0.000        0

Final statistics

 itime  Newt/ndt  GMRES/ndt  GMRES/Newt
   11       5.6       16.1        2.9
