
  Grid mesh:................   32x   32x    1
  Number of grid levels:....    4,    4,    1
  Preconditioning method:... EMHD split PC
  Timestep adaption......... F
  External source........... F
  Numerical grid............ T
  Scalar advection scheme... ZIP      
  Velocity advection scheme. ZIP      
  Anisotropic transport sch. 4th-7pt  
  TS scheme................. Rannacher

    itime      time     dt     #CFL   vx_max   vy_max   vz_max    GMRES Newton CN factor
         1      0.01  5.0E-03 1.6E+03  3.0E-04  8.0E-05  3.7E-07     1     4     0.300
         2      0.01  5.0E-03 1.6E+03  6.0E-04  1.6E-04  1.3E-06     2     4     0.300
         3      0.02  1.0E-02 3.3E+03  1.2E-03  3.2E-04  4.8E-06     4     4     0.295
         4      0.03  1.0E-02 3.3E+03  1.8E-03  4.8E-04  1.0E-05     6     4     0.388
         5      0.04  1.0E-02 3.3E+03  2.4E-03  6.4E-04  1.8E-05     6     4     0.437
         6      0.05  1.0E-02 3.3E+03  3.0E-03  8.0E-04  2.7E-05     7     4     0.455
         7      0.06  1.0E-02 3.3E+03  3.6E-03  9.6E-04  3.9E-05     7     4     0.464
         8      0.07  1.0E-02 3.3E+03  4.2E-03  1.1E-03  5.3E-05     6     4     0.471
         9      0.08  1.0E-02 3.3E+03  4.8E-03  1.3E-03  6.8E-05     6     4     0.475
        10      0.09  1.0E-02 3.3E+03  5.4E-03  1.4E-03  8.6E-05     6     4     0.478
        11      0.10  1.0E-02 3.3E+03  6.0E-03  1.6E-03  1.1E-04     5     4     0.481

Final statistics

 itime  Newt/ndt  GMRES/ndt  GMRES/Newt
   11       4.0        5.1        1.3
