

  Grid mesh:................   32x   32x    1
  Number of grid levels:....    4,    4,    1
  Preconditioning method:... Identity
  Timestep adaption......... F
  External source........... T
  Numerical grid............ F
  Scalar advection scheme... ZIP      
  Velocity advection scheme. ZIP      
  Anisotropic transport sch. 4th-7pt  
  TS scheme................. Theta    

    itime      time     dt     #CFL   vx_max   vy_max   vz_max    GMRES Newton CN factor  GMRES-DC
         1      0.01  1.0E-02 1.6E+00  1.7E-07  4.9E-01  0.0E+00     3     3     0.500        0
         2      0.02  1.0E-02 1.6E+00  6.7E-07  4.9E-01  0.0E+00     3     3     0.500        0
         3      0.03  1.0E-02 1.6E+00  1.5E-06  4.9E-01  0.0E+00     3     3     0.500        0
         4      0.04  1.0E-02 1.6E+00  2.7E-06  4.9E-01  0.0E+00     3     3     0.500        0
         5      0.05  1.0E-02 1.6E+00  4.2E-06  4.9E-01  0.0E+00     3     3     0.500        0
         6      0.06  1.0E-02 1.6E+00  5.9E-06  4.9E-01  0.0E+00     3     3     0.500        0
         7      0.07  1.0E-02 1.6E+00  8.0E-06  4.9E-01  0.0E+00     3     3     0.500        0
         8      0.08  1.0E-02 1.6E+00  1.0E-05  4.9E-01  0.0E+00     3     3     0.500        0
         9      0.09  1.0E-02 1.6E+00  1.3E-05  4.9E-01  0.0E+00     3     3     0.500        0
        10      0.10  1.0E-02 1.6E+00  1.6E-05  4.9E-01  0.0E+00     3     3     0.500        0

Final statistics

 itime  Newt/ndt  GMRES/ndt  GMRES/Newt
   10       3.0        3.0        1.0
