Processor:  0; Grid limits:  1 32  1 32  1  1
Processor:  1; Grid limits: 33 64  1 32  1  1
 Reading KAI TM perturbations
 Reading KAI TM perturbations
 Reading KAI TM perturbations
 Reading KAI TM perturbations
 Reading KAI TM perturbations
 Reading KAI TM perturbations
 Reading KAI TM perturbations
 Reading KAI TM perturbations
 Reading KAI TM perturbations
 Reading KAI TM perturbations
 Reading KAI TM perturbations
 Reading KAI TM perturbations
 Reading KAI TM perturbations
 Reading KAI TM perturbations
 Reading KAI TM perturbations
 Reading KAI TM perturbations
 
 ***********************************************
 ****** PIXIE3D Extended MHD code, V. 0.9 ******
 ******       Developer: L. Chacon        ******
 ******  Los Alamos National Laboratory   ******
 ******       Los Alamos, NM 87545        ******
 ******           LA-CC 07-005            ******
 ***********************************************
 
 ****************** NOTICE ******************
 Using non-conservative JxB     part of EOM
 Using non-conservative grad(p) part of EOM
 ****************** NOTICE ******************

  Grid mesh:................   64x   32x    1
  Number of grid levels:....    4,    4,    1
  Time correction...........   F
  External source...........   T
  Numerical grid............   F
  Advection scheme..........   ZIP    
  TS scheme................. Theta    
 
   itime    time     dt    vx_max vy_max vz_max GMRES  Newton  CN factor
      1    0.001  1.0E-03   0.000  0.000  0.000     5     4     0.500
      2    0.002  1.0E-03   0.000  0.000  0.000     5     4     0.500
      3    0.003  1.0E-03   0.000  0.000  0.000     5     4     0.500
      4    0.004  1.0E-03   0.000  0.000  0.000     6     5     0.500
      5    0.005  1.0E-03   0.000  0.000  0.000     5     4     0.500
      6    0.006  1.0E-03   0.000  0.000  0.000     5     4     0.500
      7    0.007  1.0E-03   0.000  0.000  0.000     7     5     0.500
      8    0.008  1.0E-03   0.000  0.000  0.000     6     4     0.500
      9    0.009  1.0E-03   0.000  0.000  0.000     7     4     0.500
     10    0.010  1.0E-03   0.000  0.000  0.000     8     5     0.500

Final statistics

 itime  Newt/ndt  GMRES/ndt  GMRES/Newt  Whst/GMRES
   10       4.3        5.9        1.4        0.0
rank 0 in job 264  moscato.lanl.gov_38714   caused collective abort of all ranks
  exit status of rank 0: return code 0 
