

  Grid mesh:................   32x   32x    1
  Number of processors:.....    1,    2,    1
  Preconditioning method:... Identity
  Timestep adaption......... F
  External source........... T
  Numerical grid............ F
  Scalar advection scheme... ZIP      
  Velocity advection scheme. ZIP      
  Anisotropic transport sch. 4th-7pt  
  TS scheme................. Theta    

    itime      time     dt     #CFL   vx_max   vy_max   vz_max    GMRES Newton CN factor
         1      0.01  1.0E-02 2.2E+00  3.1E-06  9.9E-04  5.2E-08     5     5     0.500
         2      0.02  1.0E-02 2.2E+00  1.2E-05  9.9E-04  2.1E-07     5     5     0.500
         3      0.03  1.0E-02 2.2E+00  2.7E-05  9.9E-04  4.6E-07     5     5     0.500
         4      0.04  1.0E-02 2.2E+00  4.5E-05  9.8E-04  8.0E-07     5     5     0.500
         5      0.05  1.0E-02 2.2E+00  6.8E-05  9.8E-04  1.2E-06     5     5     0.500
         6      0.06  1.0E-02 2.2E+00  9.2E-05  9.8E-04  1.7E-06     5     5     0.500
         7      0.07  1.0E-02 2.2E+00  1.2E-04  9.7E-04  2.3E-06     5     5     0.500
         8      0.08  1.0E-02 2.2E+00  1.5E-04  9.7E-04  3.0E-06     5     5     0.500
         9      0.09  1.0E-02 2.2E+00  1.7E-04  9.6E-04  3.7E-06     5     5     0.500
        10      0.10  1.0E-02 2.2E+00  2.0E-04  9.6E-04  4.4E-06     5     5     0.500

Final statistics

 itime  Newt/ndt  GMRES/ndt  GMRES/Newt
   10       5.0        5.0        1.0
