
  Grid mesh:................   32x   32x    1
  Number of grid levels:....    4,    4,    1
  Preconditioning method:...  id
  Time correction...........   F
  External source...........   T
  Numerical grid............   F
  Scalar advection scheme...    ZIP   
  Velocity advection scheme.    ZIP   
  TS scheme................. Theta    

   itime    time     dt     vx_max   vy_max   vz_max  GMRES  Newton  CN factor  GMRES-DC
      1    0.010  1.0E-02   9.9E-05  1.1E-06  2.2E-08     3     3     0.500        0
      2    0.020  1.0E-02   9.9E-05  3.8E-06  8.6E-08     3     3     0.500        0
      3    0.030  1.0E-02   9.9E-05  7.5E-06  1.9E-07     3     3     0.500        0
      4    0.040  1.0E-02   9.8E-05  1.2E-05  3.4E-07     3     3     0.500        0
      5    0.050  1.0E-02   9.8E-05  1.6E-05  5.3E-07     3     3     0.500        0
      6    0.060  1.0E-02   9.7E-05  2.0E-05  7.6E-07     3     3     0.500        0
      7    0.070  1.0E-02   9.6E-05  2.5E-05  1.0E-06     3     3     0.500        0
      8    0.080  1.0E-02   9.5E-05  3.0E-05  1.3E-06     3     3     0.500        0
      9    0.090  1.0E-02   9.4E-05  3.7E-05  1.7E-06     4     4     0.500        0
     10    0.100  1.0E-02   9.3E-05  4.4E-05  2.0E-06     3     3     0.500        0

Final statistics

 itime  Newt/ndt  GMRES/ndt  GMRES/Newt
   10       3.1        3.1        1.0
