
  Grid mesh:................   64x   64x    1
  Number of processors:.....    2,    2,    1
  Preconditioning method:... EMHD split PC
  Time correction...........   F
  External source...........   F
  Numerical grid............   T
  Scalar advection scheme...    ZIP   
  Velocity advection scheme.    ZIP   
  TS scheme................. Rannacher

   itime    time     dt     #CFL   vx_max   vy_max   vz_max    GMRES Newton CN factor
      1    0.005  5.0E-03 1.8E+03  2.8E-04  7.5E-05  3.6E-07     2     2     0.300
      2    0.010  5.0E-03 1.8E+03  5.6E-04  1.5E-04  1.2E-06     2     2     0.300
      3    0.020  1.0E-02 3.7E+03  1.1E-03  3.0E-04  4.7E-06     2     2     0.295
      4    0.030  1.0E-02 3.7E+03  1.7E-03  4.5E-04  1.0E-05     2     2     0.388
      5    0.040  1.0E-02 3.7E+03  2.2E-03  6.0E-04  1.7E-05     2     2     0.437
      6    0.050  1.0E-02 3.7E+03  2.8E-03  7.5E-04  2.7E-05     2     2     0.455
      7    0.060  1.0E-02 3.7E+03  3.3E-03  9.0E-04  3.8E-05     2     2     0.464
      8    0.070  1.0E-02 3.7E+03  3.9E-03  1.0E-03  5.1E-05     2     2     0.471
      9    0.080  1.0E-02 3.7E+03  4.4E-03  1.2E-03  6.6E-05     2     2     0.475
     10    0.090  1.0E-02 3.7E+03  5.0E-03  1.3E-03  8.4E-05     2     2     0.478
     11    0.100  1.0E-02 3.7E+03  5.5E-03  1.5E-03  1.0E-04     2     2     0.481

Final statistics

 itime  Newt/ndt  GMRES/ndt  GMRES/Newt
   11       2.0        2.0        1.0
