
  Grid mesh:................   64x   64x    1
  Number of grid levels:....    4,    5,    1
  Number of processors:.....    2,    1,    1
  Preconditioning method:... Identity
  Time correction...........   T
  External source...........   F
  Numerical grid............   F
  Scalar advection scheme...    ZIP   
  Velocity advection scheme.    ZIP   
  TS scheme................. Theta    

   itime    time     dt     #CFL   vx_max   vy_max   vz_max    GMRES Newton CN factor
      1    0.010  1.0E-02 1.0E+00  1.1E-03  3.7E-04  0.0E+00     3     3     0.500
      2    0.020  1.0E-02 1.0E+00  2.3E-03  7.5E-04  0.0E+00     3     3     0.500
      3    0.030  1.0E-02 1.0E+00  3.4E-03  1.1E-03  0.0E+00     3     3     0.500
      4    0.040  1.0E-02 1.0E+00  4.6E-03  1.5E-03  0.0E+00     3     3     0.500
      5    0.050  1.0E-02 1.0E+00  5.7E-03  1.9E-03  0.0E+00     3     3     0.500
      6    0.060  1.0E-02 1.0E+00  6.8E-03  2.2E-03  0.0E+00     3     3     0.500
      7    0.070  1.0E-02 1.0E+00  7.9E-03  2.6E-03  0.0E+00     3     3     0.500
      8    0.080  1.0E-02 1.0E+00  9.0E-03  3.0E-03  0.0E+00     3     3     0.500
      9    0.090  1.0E-02 1.0E+00  1.0E-02  3.4E-03  0.0E+00     3     3     0.500
     10    0.100  1.0E-02 1.0E+00  1.1E-02  3.7E-03  0.0E+00     3     3     0.500

Final statistics

 itime  Newt/ndt  GMRES/ndt  GMRES/Newt
   10       3.0        3.0        1.0
