 Calculating equilibrium ppnch...
 
 Equilibrium converged in  10 iterations with error =  0.19E-05
 
 Force free error=  4.304117187015763E-005
 Ohms law   error=  8.247988233499633E-005
 
 Pinch equilibrium features:
   Theta  =  1.64824680760764
   Bz(r=0)=  1.00000000000000
   I0     =  2.05448122853488
   E0/eta =  4.00000000000000
   T_flux =  0.623232279004647
 
 ***********************************************
 ****** PIXIE3D Extended MHD code, V. 0.9 ******
 ******       Developer: L. Chacon        ******
 ******  Los Alamos National Laboratory   ******
 ******       Los Alamos, NM 87545        ******
 ******           LA-CC 07-005            ******
 ***********************************************
 
 ****************** NOTICES ******************
 Using MAGNETIC FIELD version
 Using non-conservative JxB     part of EOM
 Using non-conservative grad(p) part of EOM
 Not solving for density: rho = 1
 ****************** NOTICES ******************

  Grid mesh:................  128x   32x    1
  Number of grid levels:....    5,    4,    1
  Preconditioning method:... id        
  Time correction...........   F
  External source...........   T
  Numerical grid............   F
  Advection scheme..........   ZIP    
  TS scheme................. Theta    
 
   itime    time     dt    vx_max vy_max vz_max GMRES  Newton  CN factor
      1    0.005  5.0E-03   0.012  0.000  0.000     3     3     0.500
      2    0.010  5.0E-03   0.012  0.000  0.000     3     3     0.500
      3    0.015  5.0E-03   0.012  0.000  0.000     4     3     0.500
      4    0.020  5.0E-03   0.012  0.000  0.000     7     5     0.500
      5    0.025  5.0E-03   0.012  0.000  0.000    10     5     0.500
      6    0.030  5.0E-03   0.012  0.000  0.000    10     5     0.500
      7    0.035  5.0E-03   0.012  0.000  0.000    15     5     0.500
      8    0.040  5.0E-03   0.012  0.000  0.000    11     5     0.500
      9    0.045  5.0E-03   0.012  0.000  0.000    14     5     0.500
     10    0.050  5.0E-03   0.012  0.000  0.000    14     5     0.500

Final statistics

 itime  Newt/ndt  GMRES/ndt  GMRES/Newt
   10       4.4        9.1        2.1
