
  Grid mesh:................   64x   64x    1
  Number of grid levels:....    5,    5,    1
  Preconditioning method:...  id
  Time correction...........   T
  External source...........   F
  Numerical grid............   T
  Advection scheme..........  SMART   
  TS scheme................. Theta    

   itime    time     dt     vx_max   vy_max   vz_max  GMRES  Newton  CN factor  GMRES-DC
      1    0.000  4.8E-04   2.7E-05  7.2E-06  2.6E-09     2     2     0.500        0
      2    0.010  1.0E-02   5.8E-04  1.6E-04  1.2E-06     9     5     0.500        0
      3    0.020  1.0E-02   1.1E-03  3.0E-04  4.7E-06     8     5     0.500        0
      4    0.030  1.0E-02   1.7E-03  4.5E-04  1.0E-05    11     5     0.500        0
      5    0.040  1.0E-02   2.2E-03  6.0E-04  1.8E-05     9     5     0.500        0
      6    0.050  1.0E-02   2.8E-03  7.5E-04  2.9E-05    12     5     0.500        0
      7    0.060  1.0E-02   3.3E-03  9.0E-04  4.1E-05    10     5     0.500        0
      8    0.070  1.0E-02   3.9E-03  1.0E-03  5.6E-05     9     5     0.500        0
      9    0.080  1.0E-02   4.4E-03  1.2E-03  7.3E-05    12     5     0.500        0
     10    0.090  1.0E-02   5.0E-03  1.3E-03  9.2E-05    10     5     0.500        0
     11    0.100  1.0E-02   5.5E-03  1.5E-03  1.1E-04    11     5     0.500        0

Final statistics

 itime  Newt/ndt  GMRES/ndt  GMRES/Newt
   11       4.7        9.4        2.0
