
  A-solve GMRES its= 16

  Grid mesh:................   32x   32x    1
  Number of grid levels:....    4,    4,    1
  Preconditioning method:... SI PC w/o flow
  Timestep adaption......... F
  External source........... F
  Numerical grid............ F
  Scalar advection scheme... ZIP      
  Velocity advection scheme. ZIP      
  Anisotropic transport sch. 4th-7pt  
  TS scheme................. BDF2     

    itime      time     dt     #CFL   vx_max   vy_max   vz_max    GMRES Newton CN factor
 Computing RW BCs...
         1      0.00  1.0E-03 3.4E+02  2.4E-02  1.7E-02  8.4E-03     8     5     0.000
 Computing RW BCs...
         2      0.01  9.0E-03 3.0E+03  2.6E-02  1.8E-02  8.2E-03     9     5     0.000
 Computing RW BCs...
         3      0.02  1.0E-02 3.4E+03  2.4E-02  1.7E-02  7.7E-03     8     4     0.000
 Computing RW BCs...
         4      0.03  1.0E-02 3.4E+03  2.4E-02  1.6E-02  7.0E-03    12     5     0.000
 Computing RW BCs...
         5      0.04  1.0E-02 3.4E+03  2.3E-02  1.6E-02  6.3E-03    13     5     0.000
 Computing RW BCs...
         6      0.05  1.0E-02 3.4E+03  2.3E-02  1.5E-02  5.7E-03    14     6     0.000
 Computing RW BCs...
         7      0.06  1.0E-02 3.4E+03  2.3E-02  1.4E-02  5.0E-03    15     6     0.000
 Computing RW BCs...
         8      0.07  1.0E-02 3.4E+03  2.3E-02  1.2E-02  4.5E-03    15     6     0.000
 Computing RW BCs...
         9      0.08  1.0E-02 3.4E+03  2.3E-02  1.1E-02  3.9E-03    15     6     0.000
 Computing RW BCs...
        10      0.09  1.0E-02 3.4E+03  2.3E-02  1.1E-02  3.4E-03    15     5     0.000

Final statistics

 itime  Newt/ndt  GMRES/ndt  GMRES/Newt
   10       5.3       12.4        2.3
