
  1D equilibrium converged in  40 iterations with error =  2.06E-06

  Force-balance error = 8.1925443E-06
  Ohms law      error = 5.2389005E-10
  Energy equation error = 2.5678632E-05

  Pinch equilibrium features:
   Theta  = 0.0629796
   Bz(r=0)= 1.0000000
   I0     = 0.3926601
   E0/eta = 0.6250000
   T_flux = 3.1173593
  A-solve GMRES its= 21

  Grid mesh:................   64x   32x    1
  Number of grid levels:....    5,    4,    1
  Preconditioning method:... SI PC w/o flow
  Timestep adaption......... T
  External source........... F
  Numerical grid............ F
  Scalar advection scheme... SMART    
  Velocity advection scheme. SMART    
  Anisotropic transport sch. 4th-7pt  
  TS scheme................. BDF2     

    itime      time     dt     #CFL   vx_max   vy_max   vz_max    GMRES Newton CN factor
         1      0.00  3.3E-04 1.0E+00  9.0E-06  8.9E-14  8.8E-17     1     1     0.000
         2      0.08  8.0E-02 2.4E+02  9.0E-06  7.5E-12  5.8E-14     9     4     0.000
         3      0.16  8.4E-02 2.5E+02  9.0E-06  1.2E-11  4.5E-14     9     5     0.000
         4      0.25  8.8E-02 2.7E+02  9.0E-06  1.3E-11  1.0E-13     8     4     0.000
         5      0.35  9.3E-02 2.8E+02  9.0E-06  7.7E-12  1.7E-13     8     4     0.000
         6      0.44  9.7E-02 2.9E+02  9.0E-06  3.1E-12  1.9E-13     8     4     0.000
         7      0.54  1.0E-01 3.0E+02  9.0E-06  1.2E-11  2.1E-13     7     4     0.000
         8      0.64  1.0E-01 3.0E+02  8.9E-06  1.3E-11  2.1E-13     6     3     0.000
         9      0.74  1.0E-01 3.0E+02  8.9E-06  9.9E-12  2.0E-13     7     4     0.000
        10      0.84  1.0E-01 3.0E+02  8.9E-06  5.5E-12  2.0E-13     8     4     0.000

Final statistics

 itime  Newt/ndt  GMRES/ndt  GMRES/Newt
   10       3.7        7.1        1.9
