 
 ***********************************************
 ****** PIXIE3D Extended MHD code, V. 0.9 ******
 ******       Developer: L. Chacon        ******
 ******  Los Alamos National Laboratory   ******
 ******       Los Alamos, NM 87545        ******
 ******           LA-CC 07-005            ******
 ***********************************************

  Grid mesh:................   32x   32x    1
  Number of grid levels:....    4,    4,    1
  Time correction...........   F
  External source...........   T
  Numerical grid............   F
  Advection scheme..........   ZIP    
  TS scheme................. Theta    
 
   itime    time     dt    vx_max vy_max vz_max GMRES  Newton  CN factor

 New_it   Av_updt    Abs_res   Rel_res     Damping      pdt_n      eta_k     GMRES
   0     0.000E+00  1.245E-04  1.000E+00  1.000E+00  1.000E+30  8.000E-01      0
 FGMRES its =   0;  Res =  1.25D-04;  Ratio =  1.00D+00
 FGMRES its =   1;  Res =  1.19D-05;  Ratio =  9.57D-02
   1     3.159E-04  1.192E-05  9.571E-02  1.000E+00  1.000E+30  8.000E-01      1
 FGMRES its =   0;  Res =  1.19D-05;  Ratio =  1.00D+00
 FGMRES its =   1;  Res =  4.84D-07;  Ratio =  4.06D-02
   2     3.061E-05  4.836E-07  3.883E-03  1.000E+00  1.000E+30  6.440E-01      1
 FGMRES its =   0;  Res =  4.84D-07;  Ratio =  1.00D+00
 FGMRES its =   1;  Res =  6.01D-08;  Ratio =  1.24D-01
   3     1.208E-06  6.009E-08  4.826E-04  1.000E+00  1.000E+30  4.651E-01      1
 FGMRES its =   0;  Res =  6.01D-08;  Ratio =  1.00D+00
 FGMRES its =   1;  Res =  3.71D-09;  Ratio =  6.18D-02
   4     1.557E-07  3.714E-09  2.982E-05  1.000E+00  1.000E+30  2.855E-01      1
 
   itime    time     dt    vx_max vy_max vz_max GMRES  Newton  CN factor
      1    0.010  1.0E-02   0.000  0.001  0.000     4     4     0.500

 New_it   Av_updt    Abs_res   Rel_res     Damping      pdt_n      eta_k     GMRES
   0     0.000E+00  1.259E-04  1.000E+00  1.000E+00  1.000E+30  8.000E-01      0
 FGMRES its =   0;  Res =  1.26D-04;  Ratio =  1.00D+00
 FGMRES its =   1;  Res =  1.19D-05;  Ratio =  9.43D-02
   1     3.231E-04  1.188E-05  9.433E-02  1.000E+00  1.000E+30  8.000E-01      1
 FGMRES its =   0;  Res =  1.19D-05;  Ratio =  1.00D+00
 FGMRES its =   1;  Res =  4.83D-07;  Ratio =  4.07D-02
   2     3.012E-05  4.829E-07  3.835E-03  1.000E+00  1.000E+30  6.440E-01      1
 FGMRES its =   0;  Res =  4.83D-07;  Ratio =  1.00D+00
 FGMRES its =   1;  Res =  6.04D-08;  Ratio =  1.25D-01
   3     1.227E-06  6.039E-08  4.795E-04  1.000E+00  1.000E+30  4.651E-01      1
 FGMRES its =   0;  Res =  6.04D-08;  Ratio =  1.00D+00
 FGMRES its =   1;  Res =  3.76D-09;  Ratio =  6.22D-02
   4     1.531E-07  3.755E-09  2.982E-05  1.000E+00  1.000E+30  2.855E-01      1
 
   itime    time     dt    vx_max vy_max vz_max GMRES  Newton  CN factor
      2    0.020  1.0E-02   0.000  0.001  0.000     4     4     0.500

 New_it   Av_updt    Abs_res   Rel_res     Damping      pdt_n      eta_k     GMRES
   0     0.000E+00  1.300E-04  1.000E+00  1.000E+00  1.000E+30  8.000E-01      0
 FGMRES its =   0;  Res =  1.30D-04;  Ratio =  1.00D+00
 FGMRES its =   1;  Res =  1.15D-05;  Ratio =  8.89D-02
   1     3.368E-04  1.155E-05  8.886E-02  1.000E+00  1.000E+30  8.000E-01      1
 FGMRES its =   0;  Res =  1.15D-05;  Ratio =  1.00D+00
 FGMRES its =   1;  Res =  5.24D-07;  Ratio =  4.54D-02
   2     2.892E-05  5.245E-07  4.036E-03  1.000E+00  1.000E+30  6.440E-01      1
 FGMRES its =   0;  Res =  5.24D-07;  Ratio =  1.00D+00
 FGMRES its =   1;  Res =  6.15D-08;  Ratio =  1.17D-01
   3     1.353E-06  6.147E-08  4.730E-04  1.000E+00  1.000E+30  4.651E-01      1
 FGMRES its =   0;  Res =  6.15D-08;  Ratio =  1.00D+00
 FGMRES its =   1;  Res =  4.37D-09;  Ratio =  7.11D-02
   4     1.531E-07  4.369E-09  3.362E-05  1.000E+00  1.000E+30  2.855E-01      1
 
   itime    time     dt    vx_max vy_max vz_max GMRES  Newton  CN factor
      3    0.030  1.0E-02   0.000  0.001  0.000     4     4     0.500

 New_it   Av_updt    Abs_res   Rel_res     Damping      pdt_n      eta_k     GMRES
   0     0.000E+00  1.360E-04  1.000E+00  1.000E+00  1.000E+30  8.000E-01      0
 FGMRES its =   0;  Res =  1.36D-04;  Ratio =  1.00D+00
 FGMRES its =   1;  Res =  1.10D-05;  Ratio =  8.08D-02
   1     3.550E-04  1.100E-05  8.083E-02  1.000E+00  1.000E+30  8.000E-01      1
 FGMRES its =   0;  Res =  1.10D-05;  Ratio =  1.00D+00
 FGMRES its =   1;  Res =  5.88D-07;  Ratio =  5.35D-02
   2     2.729E-05  5.879E-07  4.322E-03  1.000E+00  1.000E+30  6.440E-01      1
 FGMRES its =   0;  Res =  5.88D-07;  Ratio =  1.00D+00
 FGMRES its =   1;  Res =  6.23D-08;  Ratio =  1.06D-01
   3     1.533E-06  6.225E-08  4.576E-04  1.000E+00  1.000E+30  4.651E-01      1
 FGMRES its =   0;  Res =  6.23D-08;  Ratio =  1.00D+00
 FGMRES its =   1;  Res =  5.11D-09;  Ratio =  8.20D-02
   4     1.536E-07  5.107E-09  3.754E-05  1.000E+00  1.000E+30  2.855E-01      1
 
   itime    time     dt    vx_max vy_max vz_max GMRES  Newton  CN factor
      4    0.040  1.0E-02   0.000  0.001  0.000     4     4     0.500

 New_it   Av_updt    Abs_res   Rel_res     Damping      pdt_n      eta_k     GMRES
   0     0.000E+00  1.435E-04  1.000E+00  1.000E+00  1.000E+30  8.000E-01      0
 FGMRES its =   0;  Res =  1.43D-04;  Ratio =  1.00D+00
 FGMRES its =   1;  Res =  1.03D-05;  Ratio =  7.20D-02
   1     3.757E-04  1.033E-05  7.203E-02  1.000E+00  1.000E+30  8.000E-01      1
 FGMRES its =   0;  Res =  1.03D-05;  Ratio =  1.00D+00
 FGMRES its =   1;  Res =  6.51D-07;  Ratio =  6.30D-02
   2     2.551E-05  6.510E-07  4.537E-03  1.000E+00  1.000E+30  6.440E-01      1
 FGMRES its =   0;  Res =  6.51D-07;  Ratio =  1.00D+00
 FGMRES its =   1;  Res =  6.17D-08;  Ratio =  9.47D-02
   3     1.708E-06  6.167E-08  4.298E-04  1.000E+00  1.000E+30  4.651E-01      1
 FGMRES its =   0;  Res =  6.17D-08;  Ratio =  1.00D+00
 FGMRES its =   1;  Res =  5.65D-09;  Ratio =  9.15D-02
   4     1.519E-07  5.645E-09  3.935E-05  1.000E+00  1.000E+30  2.855E-01      1
 
   itime    time     dt    vx_max vy_max vz_max GMRES  Newton  CN factor
      5    0.050  1.0E-02   0.000  0.001  0.000     4     4     0.500

 New_it   Av_updt    Abs_res   Rel_res     Damping      pdt_n      eta_k     GMRES
   0     0.000E+00  1.515E-04  1.000E+00  1.000E+00  1.000E+30  8.000E-01      0
 FGMRES its =   0;  Res =  1.52D-04;  Ratio =  1.00D+00
 FGMRES its =   1;  Res =  9.66D-06;  Ratio =  6.37D-02
   1     3.971E-04  9.656E-06  6.372E-02  1.000E+00  1.000E+30  8.000E-01      1
 FGMRES its =   0;  Res =  9.66D-06;  Ratio =  1.00D+00
 FGMRES its =   1;  Res =  7.01D-07;  Ratio =  7.26D-02
   2     2.377E-05  7.006E-07  4.623E-03  1.000E+00  1.000E+30  6.440E-01      1
 FGMRES its =   0;  Res =  7.01D-07;  Ratio =  1.00D+00
 FGMRES its =   1;  Res =  5.97D-08;  Ratio =  8.52D-02
   3     1.842E-06  5.968E-08  3.938E-04  1.000E+00  1.000E+30  4.651E-01      1
 FGMRES its =   0;  Res =  5.97D-08;  Ratio =  1.00D+00
 FGMRES its =   1;  Res =  5.85D-09;  Ratio =  9.80D-02
   4     1.472E-07  5.850E-09  3.861E-05  1.000E+00  1.000E+30  2.855E-01      1
 
   itime    time     dt    vx_max vy_max vz_max GMRES  Newton  CN factor
      6    0.060  1.0E-02   0.000  0.001  0.000     4     4     0.500

 New_it   Av_updt    Abs_res   Rel_res     Damping      pdt_n      eta_k     GMRES
   0     0.000E+00  1.596E-04  1.000E+00  1.000E+00  1.000E+30  8.000E-01      0
 FGMRES its =   0;  Res =  1.60D-04;  Ratio =  1.00D+00
 FGMRES its =   1;  Res =  9.02D-06;  Ratio =  5.65D-02
   1     4.174E-04  9.023E-06  5.654E-02  1.000E+00  1.000E+30  8.000E-01      1
 FGMRES its =   0;  Res =  9.02D-06;  Ratio =  1.00D+00
 FGMRES its =   1;  Res =  7.34D-07;  Ratio =  8.13D-02
   2     2.221E-05  7.336E-07  4.598E-03  1.000E+00  1.000E+30  6.440E-01      1
 FGMRES its =   0;  Res =  7.34D-07;  Ratio =  1.00D+00
 FGMRES its =   1;  Res =  5.69D-08;  Ratio =  7.75D-02
   3     1.929E-06  5.687E-08  3.564E-04  1.000E+00  1.000E+30  4.651E-01      1
 FGMRES its =   0;  Res =  5.69D-08;  Ratio =  1.00D+00
 FGMRES its =   1;  Res =  5.77D-09;  Ratio =  1.01D-01
   4     1.408E-07  5.766E-09  3.613E-05  1.000E+00  1.000E+30  2.855E-01      1
 
   itime    time     dt    vx_max vy_max vz_max GMRES  Newton  CN factor
      7    0.070  1.0E-02   0.000  0.001  0.000     4     4     0.500

 New_it   Av_updt    Abs_res   Rel_res     Damping      pdt_n      eta_k     GMRES
   0     0.000E+00  1.670E-04  1.000E+00  1.000E+00  1.000E+30  8.000E-01      0
 FGMRES its =   0;  Res =  1.67D-04;  Ratio =  1.00D+00
 FGMRES its =   1;  Res =  8.47D-06;  Ratio =  5.07D-02
   1     4.355E-04  8.467E-06  5.071E-02  1.000E+00  1.000E+30  8.000E-01      1
 FGMRES its =   0;  Res =  8.47D-06;  Ratio =  1.00D+00
 FGMRES its =   1;  Res =  7.53D-07;  Ratio =  8.89D-02
   2     2.087E-05  7.528E-07  4.508E-03  1.000E+00  1.000E+30  6.440E-01      1
 FGMRES its =   0;  Res =  7.53D-07;  Ratio =  1.00D+00
 FGMRES its =   1;  Res =  5.38D-08;  Ratio =  7.15D-02
   3     1.977E-06  5.382E-08  3.223E-04  1.000E+00  1.000E+30  4.651E-01      1
 FGMRES its =   0;  Res =  5.38D-08;  Ratio =  1.00D+00
 FGMRES its =   1;  Res =  5.54D-09;  Ratio =  1.03D-01
   4     1.336E-07  5.536E-09  3.315E-05  1.000E+00  1.000E+30  2.855E-01      1
 
   itime    time     dt    vx_max vy_max vz_max GMRES  Newton  CN factor
      8    0.080  1.0E-02   0.000  0.001  0.000     4     4     0.500

 New_it   Av_updt    Abs_res   Rel_res     Damping      pdt_n      eta_k     GMRES
   0     0.000E+00  1.734E-04  1.000E+00  1.000E+00  1.000E+30  8.000E-01      0
 FGMRES its =   0;  Res =  1.73D-04;  Ratio =  1.00D+00
 FGMRES its =   1;  Res =  8.00D-06;  Ratio =  4.62D-02
   1     4.503E-04  8.001E-06  4.616E-02  1.000E+00  1.000E+30  8.000E-01      1
 FGMRES its =   0;  Res =  8.00D-06;  Ratio =  1.00D+00
 FGMRES its =   1;  Res =  7.63D-07;  Ratio =  9.53D-02
   2     1.978E-05  7.626E-07  4.399E-03  1.000E+00  1.000E+30  6.440E-01      1
 FGMRES its =   0;  Res =  7.63D-07;  Ratio =  1.00D+00
 FGMRES its =   1;  Res =  5.08D-08;  Ratio =  6.66D-02
   3     1.998E-06  5.081E-08  2.931E-04  1.000E+00  1.000E+30  4.651E-01      1
 FGMRES its =   0;  Res =  5.08D-08;  Ratio =  1.00D+00
 FGMRES its =   1;  Res =  5.31D-09;  Ratio =  1.04D-01
   4     1.262E-07  5.309E-09  3.063E-05  1.000E+00  1.000E+30  3.071E-01      1
 
   itime    time     dt    vx_max vy_max vz_max GMRES  Newton  CN factor
      9    0.090  1.0E-02   0.000  0.001  0.000     4     4     0.500

 New_it   Av_updt    Abs_res   Rel_res     Damping      pdt_n      eta_k     GMRES
   0     0.000E+00  1.783E-04  1.000E+00  1.000E+00  1.000E+30  8.000E-01      0
 FGMRES its =   0;  Res =  1.78D-04;  Ratio =  1.00D+00
 FGMRES its =   1;  Res =  7.63D-06;  Ratio =  4.28D-02
   1     4.610E-04  7.625E-06  4.276E-02  1.000E+00  1.000E+30  8.000E-01      1
 FGMRES its =   0;  Res =  7.63D-06;  Ratio =  1.00D+00
 FGMRES its =   1;  Res =  7.68D-07;  Ratio =  1.01D-01
   2     1.891E-05  7.675E-07  4.304E-03  1.000E+00  1.000E+30  6.440E-01      1
 FGMRES its =   0;  Res =  7.68D-07;  Ratio =  1.00D+00
 FGMRES its =   1;  Res =  4.80D-08;  Ratio =  6.25D-02
   3     2.006E-06  4.796E-08  2.689E-04  1.000E+00  1.000E+30  4.651E-01      1
 FGMRES its =   0;  Res =  4.80D-08;  Ratio =  1.00D+00
 FGMRES its =   1;  Res =  5.16D-09;  Ratio =  1.08D-01
   4     1.191E-07  5.165E-09  2.897E-05  1.000E+00  1.000E+30  3.346E-01      1
 
   itime    time     dt    vx_max vy_max vz_max GMRES  Newton  CN factor
     10    0.100  1.0E-02   0.000  0.001  0.000     4     4     0.500

Final statistics

 itime  Newt/ndt  GMRES/ndt  GMRES/Newt  Whst/GMRES
   10       4.0        4.0        1.0        0.0
