
 Solving for vector potential...

 A-solve GMRES its= 11

  Grid mesh:................   32x   32x    1
  Number of grid levels:....    4,    3,    1
  Number of processors:.....    1,    2,    1
  Preconditioning method:... Identity
  Time correction...........   F
  External source...........   T
  Numerical grid............   F
  Scalar advection scheme...    ZIP   
  Velocity advection scheme.    ZIP   
  TS scheme................. Theta    

   itime    time     dt     #CFL   vx_max   vy_max   vz_max    GMRES Newton CN factor
      1    0.010  1.0E-02 5.4E+00  9.9E-05  7.0E-07  1.7E-08     3     3     0.500
      2    0.020  1.0E-02 5.4E+00  9.9E-05  2.5E-06  6.7E-08     3     3     0.500
      3    0.030  1.0E-02 5.4E+00  9.9E-05  5.1E-06  1.5E-07     3     3     0.500
      4    0.040  1.0E-02 5.4E+00  9.8E-05  8.1E-06  2.7E-07     3     3     0.500
      5    0.050  1.0E-02 5.4E+00  9.8E-05  1.1E-05  4.2E-07     3     3     0.500
      6    0.060  1.0E-02 5.4E+00  9.8E-05  1.5E-05  6.0E-07     3     3     0.500
      7    0.070  1.0E-02 5.4E+00  9.7E-05  1.8E-05  8.1E-07     3     3     0.500
      8    0.080  1.0E-02 5.4E+00  9.6E-05  2.2E-05  1.0E-06     3     3     0.500
      9    0.090  1.0E-02 5.4E+00  9.6E-05  2.5E-05  1.3E-06     5     4     0.500
     10    0.100  1.0E-02 5.4E+00  9.5E-05  3.0E-05  1.6E-06     4     4     0.500

Final statistics

 itime  Newt/ndt  GMRES/ndt  GMRES/Newt
   10       3.2        3.3        1.0
