
  Grid mesh:................   32x   32x    1
  Number of grid levels:....    4,    4,    1
  Preconditioning method:...  s1
  Time correction...........   F
  External source...........   F
  Numerical grid............   T
  Scalar advection scheme...    ZIP   
  Velocity advection scheme.    ZIP   
  TS scheme................. BDF2     

   itime    time     dt     vx_max   vy_max   vz_max  GMRES  Newton  CN factor
      1    0.001  1.0E-03   7.6E-05  1.6E-05  9.5E-07     0     1     0.000
      2    0.010  9.0E-03   7.6E-04  1.6E-04  9.7E-06     1     3     0.000
      3    0.020  1.0E-02   1.5E-03  3.2E-04  2.1E-05     1     2     0.000
      4    0.030  1.0E-02   2.3E-03  4.8E-04  3.3E-05     1     2     0.000
      5    0.040  1.0E-02   3.0E-03  6.4E-04  4.7E-05     1     2     0.000
      6    0.050  1.0E-02   3.7E-03  8.0E-04  6.3E-05     1     2     0.000
      7    0.060  1.0E-02   4.4E-03  9.6E-04  8.0E-05     1     2     0.000
      8    0.070  1.0E-02   5.1E-03  1.1E-03  9.8E-05     1     2     0.000
      9    0.080  1.0E-02   5.8E-03  1.3E-03  1.2E-04     1     2     0.000
     10    0.090  1.0E-02   6.5E-03  1.4E-03  1.4E-04     1     2     0.000
     11    0.100  1.0E-02   7.2E-03  1.6E-03  1.7E-04     1     2     0.000

Final statistics

 itime  Newt/ndt  GMRES/ndt  GMRES/Newt
   11       2.0        0.9        0.5
