
  Grid mesh:................   64x   64x    1
  Number of processors:.....    2,    2,    1
  Preconditioning method:... SI PC w/o flow
  Timestep adaption.........   F
  External source...........   F
  Numerical grid............   T
  Scalar advection scheme...    ZIP   
  Velocity advection scheme.    ZIP   
  Anisotropic transport sch.  4th-7pt 
  TS scheme.................  BDF2    

    itime      time     dt     #CFL   vx_max   vy_max   vz_max    GMRES Newton CN factor
         1      0.00  1.0E-03 3.7E+02  5.6E-05  1.5E-05  3.4E-07     0     1     0.000
         2      0.01  9.0E-03 3.3E+03  5.6E-04  1.5E-04  4.1E-06     1     2     0.000
         3      0.02  1.0E-02 3.7E+03  1.1E-03  3.0E-04  9.7E-06     1     2     0.000
         4      0.03  1.0E-02 3.7E+03  1.7E-03  4.5E-04  1.7E-05     1     2     0.000
         5      0.04  1.0E-02 3.7E+03  2.2E-03  6.0E-04  2.5E-05     1     2     0.000
         6      0.05  1.0E-02 3.7E+03  2.8E-03  7.5E-04  3.5E-05     1     2     0.000
         7      0.06  1.0E-02 3.7E+03  3.3E-03  9.0E-04  4.6E-05     1     2     0.000
         8      0.07  1.0E-02 3.7E+03  3.9E-03  1.1E-03  5.9E-05     1     2     0.000
         9      0.08  1.0E-02 3.7E+03  4.4E-03  1.2E-03  7.3E-05     1     2     0.000
        10      0.09  1.0E-02 3.7E+03  4.9E-03  1.4E-03  9.2E-05     1     2     0.000
        11      0.10  1.0E-02 3.7E+03  5.5E-03  1.5E-03  1.1E-04     1     2     0.000

Final statistics

 itime  Newt/ndt  GMRES/ndt  GMRES/Newt
   11       1.9        0.9        0.5
