
  Grid mesh:................   32x   32x    1
  Number of grid levels:....    4,    3,    1
  Preconditioning method:...  s1
  Time correction...........   F
  External source...........   T
  Numerical grid............   F
  Advection scheme..........    ZIP   
  TS scheme................. Theta    

   itime    time     dt     vx_max   vy_max   vz_max  GMRES  Newton  CN factor  GMRES-DC
      1    1.000  1.0E+00   2.2E-04  4.6E-04  1.9E-04    11     5     0.500        6
      2    2.000  1.0E+00   5.7E-04  1.7E-04  3.2E-04    11     5     0.500        6
      3    3.000  1.0E+00   7.1E-04  3.3E-04  2.9E-04    12     5     0.500        6
      4    4.000  1.0E+00   8.2E-04  3.8E-04  2.6E-04    13     5     0.500        7
      5    5.000  1.0E+00   9.5E-04  2.1E-04  1.3E-04    12     5     0.500        7
      6    6.000  1.0E+00   8.8E-04  2.3E-04  1.3E-04    12     5     0.500        7
      7    7.000  1.0E+00   7.7E-04  4.2E-04  1.0E-04    12     5     0.500        7
      8    8.000  1.0E+00   6.5E-04  1.3E-04  6.7E-05    12     5     0.500        6
      9    9.000  1.0E+00   3.9E-04  1.8E-04  8.3E-05    12     5     0.500        6
     10   10.000  1.0E+00   1.3E-04  1.5E-04  5.0E-05    12     5     0.500        6

Final statistics

 itime  Newt/ndt  GMRES/ndt  GMRES/Newt
   10       5.0       11.9        2.4
