
  Grid mesh:................   64x   64x    1
  Number of grid levels:....    4,    4,    1
  Preconditioning method:... Identity
  Time correction...........   F
  External source...........   F
  Numerical grid............   T
  Scalar advection scheme...  SMART   
  Velocity advection scheme.  SMART   
  TS scheme................. BDF2     

   itime    time     dt     #CFL   vx_max   vy_max   vz_max    GMRES Newton CN factor  GMRES-DC
      1    0.001  1.0E-03 3.7E+02  5.6E-05  1.5E-05  3.0E-07    21     6     0.000        0
      2    0.010  9.0E-03 3.3E+03  5.6E-04  1.5E-04  3.7E-06    34     6     0.000        0
      3    0.020  1.0E-02 3.7E+03  1.1E-03  3.0E-04  8.8E-06    43     7     0.000        0
      4    0.030  1.0E-02 3.7E+03  1.7E-03  4.5E-04  1.6E-05    31     6     0.000        0
      5    0.040  1.0E-02 3.7E+03  2.2E-03  6.0E-04  2.4E-05    28     6     0.000        0
      6    0.050  1.0E-02 3.7E+03  2.8E-03  7.5E-04  3.3E-05    28     6     0.000        0
      7    0.060  1.0E-02 3.7E+03  3.3E-03  9.0E-04  4.5E-05    20     5     0.000        0
      8    0.070  1.0E-02 3.7E+03  3.9E-03  1.1E-03  5.7E-05    22     5     0.000        0
      9    0.080  1.0E-02 3.7E+03  4.4E-03  1.2E-03  7.2E-05    28     6     0.000        0
     10    0.090  1.0E-02 3.7E+03  4.9E-03  1.4E-03  9.1E-05    23     5     0.000        0
     11    0.100  1.0E-02 3.7E+03  5.5E-03  1.5E-03  1.1E-04    26     6     0.000        0

Final statistics

 itime  Newt/ndt  GMRES/ndt  GMRES/Newt
   11       5.8       27.6        4.8
